TEST 1 BEGIN
$ python3 -c 'from quiz_8 import * ; Permutation((1, 2))'
Traceback (most recent call last):
  File "<string>", line 1, in <module>
  File "/Users/ericmartin/Documents/COMP9021/Quizzes/Quiz_8/Submissions/jingyi.ni@student.unsw.edu.au/quiz_8.py", line 41, in __init__
    raise PermutationError('Cannot generate permutation from these arguments')
quiz_8.PermutationError: Cannot generate permutation from these arguments
TEST 1 END

TEST 2 BEGIN
$ python3 -c 'from quiz_8 import * ; Permutation(3, 1, 2, 3)'
Traceback (most recent call last):
  File "<string>", line 1, in <module>
  File "/Users/ericmartin/Documents/COMP9021/Quizzes/Quiz_8/Submissions/jingyi.ni@student.unsw.edu.au/quiz_8.py", line 75, in __init__
    st,end=end,dic[end]
KeyError: 3
TEST 2 END

TEST 3 BEGIN
$ python3 -c 'from quiz_8 import * ; Permutation(0, 1, 2, 3, 4, length=5)'
Traceback (most recent call last):
  File "<string>", line 1, in <module>
  File "/Users/ericmartin/Documents/COMP9021/Quizzes/Quiz_8/Submissions/jingyi.ni@student.unsw.edu.au/quiz_8.py", line 53, in __init__
    raise PermutationError('Cannot generate permutation from these arguments')
quiz_8.PermutationError: Cannot generate permutation from these arguments
TEST 3 END

TEST 4 BEGIN
$ python3 -c 'from quiz_8 import * ; p = Permutation(1) ; print(p.__repr__())'
Permutation(1,)
TEST 4 END

TEST 5 BEGIN
$ python3 -c 'from quiz_8 import * ; p = Permutation(2, 1, 3, 4, 6, 5) ; print(p.__repr__())'
Permutation(2, 1, 3, 4, 6, 5)
TEST 5 END

TEST 6 BEGIN
$ python3 -c 'from quiz_8 import * ; p = Permutation(1) ; print(len(p))'
1
TEST 6 END

TEST 7 BEGIN
$ python3 -c 'from quiz_8 import * ; print(Permutation(length = 7).inverse())'
(1)(2)(3)(4)(5)(6)(7)
TEST 7 END

TEST 8 BEGIN
$ python3 -c 'from quiz_8 import * ; p = Permutation(2, 1, 3, 4, 6, 5) ; print(len(p))'
6
TEST 8 END

TEST 9 BEGIN
$ python3 -c 'from quiz_8 import * ; p = Permutation(2, 1, 3, 4, 6, 5) ; print(p.nb_of_cycles)'
4
TEST 9 END

TEST 10 BEGIN
$ python3 -c 'from quiz_8 import * ; p = Permutation(2, 1, 3, 4, 6, 5) ; print(p)'
(2 1)(3)(4)(6 5)
TEST 10 END

TEST 11 BEGIN
$ python3 -c 'from quiz_8 import * ; p = Permutation(2, 1, 3, 4, 6, 5) ; q = p.inverse() ; print(q)'
(2 1)(3)(4)(6 5)
TEST 11 END

TEST 12 BEGIN
$ python3 -c 'from quiz_8 import * ; p = Permutation(10, 13, 4, 6, 11, 8, 3, 12, 5, 9, 1, 7, 2) ; print(p.nb_of_cycles)'
3
TEST 12 END

TEST 13 BEGIN
$ python3 -c 'from quiz_8 import * ; p = Permutation(10, 13, 4, 6, 11, 8, 3, 12, 5, 9, 1, 7, 2) ; print(p)'
(11 1 10 9 5)(12 7 3 4 6 8)(13 2)
TEST 13 END

TEST 14 BEGIN
$ python3 -c 'from quiz_8 import * ; p = Permutation(10, 13, 4, 6, 11, 8, 3, 12, 5, 9, 1, 7, 2) ; print(p); q = p.inverse() ; print(q.__repr__())'
(11 1 10 9 5)(12 7 3 4 6 8)(13 2)
Permutation(11, 13, 7, 3, 9, 4, 12, 6, 10, 1, 5, 8, 2)
TEST 14 END

TEST 15 BEGIN
$ python3 -c 'from quiz_8 import * ; Permutation(1, 2) * Permutation(2, 1, 3)'
Traceback (most recent call last):
  File "<string>", line 1, in <module>
  File "/Users/ericmartin/Documents/COMP9021/Quizzes/Quiz_8/Submissions/jingyi.ni@student.unsw.edu.au/quiz_8.py", line 111, in __mul__
    raise PermutationError('Cannot compose permutations of different lengths')
quiz_8.PermutationError: Cannot compose permutations of different lengths
TEST 15 END

TEST 16 BEGIN
$ python3 -c 'from quiz_8 import * ; p1 = Permutation(1, 4, 6, 5, 2, 3) ; p2 = Permutation(5, 4, 3, 6, 2, 1) ; p = p1 * p2 ; print(p1.__repr__()) ; print(p2) ; print(p)'
Permutation(1, 4, 6, 5, 2, 3)
(3)(6 1 5 2 4)
(6 3 1 5 4 2)
TEST 16 END

TEST 17 BEGIN
$ python3 -c 'from quiz_8 import * ; p1 = Permutation(11, 16, 3, 6, 12, 2, 18, 10, 13, 8, 15, 1, 9, 19, 4, 5, 14, 17, 7) ; p2 = Permutation(15, 11, 2, 19, 18, 10, 16, 14, 9, 17, 3, 8, 5, 13, 1, 6, 7, 12, 4) ; p = p1 * p2 ; print(p1.__repr__()) ; print(p2.__repr__()) ; print(p)'
Permutation(11, 16, 3, 6, 12, 2, 18, 10, 13, 8, 15, 1, 9, 19, 4, 5, 14, 17, 7)
Permutation(15, 11, 2, 19, 18, 10, 16, 14, 9, 17, 3, 8, 5, 13, 1, 6, 7, 12, 4)
(11 1 3 2 6)(14 4 10)(17 13 9 5 8)(19 16 18 7 12 15)
TEST 17 END

TEST 18 BEGIN
$ python3 -c 'from quiz_8 import * ; p1 = Permutation(21, 2, 4, 15, 11, 5, 24, 23, 7, 6, 18, 13, 3, 8, 9, 14, 17, 10, 12, 20, 1, 19, 22, 16) ; p2 = Permutation(15, 21, 18, 10, 4, 6, 14, 9, 11, 22, 7, 1, 5, 3, 17, 12, 13, 20, 23, 24, 8, 2, 19, 16) ; p1 *= p2 ; print(p1) ; print(p1.__repr__()) ; print(p2.__repr__())'
(14 9)(19 1 8)(24 12 5 7 16 3 10 6 4 17 13 18 22 23 2 21 15 11 20)
Permutation(8, 21, 10, 17, 7, 4, 16, 19, 14, 6, 20, 5, 18, 9, 11, 3, 13, 22, 1, 24, 15, 23, 2, 12)
Permutation(15, 21, 18, 10, 4, 6, 14, 9, 11, 22, 7, 1, 5, 3, 17, 12, 13, 20, 23, 24, 8, 2, 19, 16)
TEST 18 END

TEST 19 BEGIN
$ python3 -c 'from quiz_8 import * ; p1 = Permutation(12, 11, 27, 14, 5, 22, 13, 16, 7, 25, 28, 23, 17, 20, 19, 1, 21, 2, 4, 26, 10, 18, 8, 3, 29, 24, 9, 6, 15) ; p2 = Permutation(10, 18, 14, 11, 29, 1, 7, 17, 6, 2, 26, 20, 16, 9, 21, 3, 8, 22, 28, 19, 4, 13, 23, 12, 5, 15, 25, 24, 27) ; p1 *= p2 ; print(p1) ; print(p1.__repr__()) ; print(p2.__repr__())'
(18)(22)(24 14 19 11)(27 6 13 8 3 25)(28 1 20 15)(29 21 2 26 12 23 17 4 9 7 16 10 5)
Permutation(20, 26, 25, 9, 29, 13, 16, 3, 7, 5, 24, 23, 8, 19, 28, 10, 4, 18, 11, 15, 2, 22, 17, 14, 27, 12, 6, 1, 21)
Permutation(10, 18, 14, 11, 29, 1, 7, 17, 6, 2, 26, 20, 16, 9, 21, 3, 8, 22, 28, 19, 4, 13, 23, 12, 5, 15, 25, 24, 27)
TEST 19 END

TEST 20 BEGIN
$ python3 -c 'from quiz_8 import * ; print(Permutation(22, 16, 2, 4, 26, 21, 7, 13, 17, 33, 30, 29, 20, 24, 25, 15, 9, 14, 1, 5, 11, 19, 18, 27, 28, 10, 8, 23, 31, 34, 12, 6, 3, 32) * Permutation(2, 25, 17, 19, 7, 22, 1, 10, 20, 8, 33, 9, 14, 16, 4, 3, 26, 18, 27, 13, 15, 32, 24, 28, 23, 6, 34, 12, 5, 11, 21, 29, 31, 30).inverse())'
(34 22 4 15 2 14 23 18 13 9 3 1 6 31 28 25 24 19 7 5 17 12 32 26 8 20 29 33 16 21 30 27 10 11)
TEST 20 END

TEST 21 BEGIN
$ python3 -c 'from quiz_8 import * ; p = Permutation(28, 60, 17, 90, 31, 45, 22, 46, 57, 38, 15, 72, 58, 63, 70, 4, 66, 98, 40, 19, 52, 61, 5, 82, 51, 23, 20, 73, 11, 53, 49, 59, 30, 10, 18, 93, 79, 92, 14, 56, 1, 95, 81, 65, 77, 76, 41, 100, 69, 71, 50, 74, 34, 97, 85, 80, 6, 27, 7, 9, 86, 62, 2, 3, 24, 94, 83, 64, 12, 21, 84, 44, 33, 68, 13, 29, 48, 78, 43, 54, 99, 55, 39, 91, 88, 75, 96, 89, 35, 42, 26, 67, 25, 47, 8, 36, 87, 16, 37, 32) ; print(p.nb_of_cycles)'
4
TEST 21 END

TEST 22 BEGIN
$ python3 -c 'from quiz_8 import * ; p = Permutation(43, 26, 20, 38, 17, 98, 93, 89, 36, 88, 45, 99, 12, 32, 47, 7, 83, 27, 55, 100, 97, 60, 77, 10, 4, 72, 31, 29, 64, 74, 25, 39, 82, 33, 58, 66, 79, 5, 9, 71, 15, 50, 52, 96, 92, 21, 1, 35, 46, 59, 13, 81, 23, 85, 78, 61, 22, 30, 90, 19, 62, 49, 54, 16, 70, 2, 75, 86, 87, 37, 28, 14, 18, 41, 63, 34, 3, 40, 84, 69, 8, 51, 73, 53, 44, 68, 56, 94, 42, 76, 65, 48, 24, 11, 91, 95, 67, 6, 57, 80) ; q = p.inverse() ; print(q)'
(72 26 2 66 36 9 39 32 14)(83 17 5 38 4 25 31 27 18 73)(86 68)(98 6)(99 12 13 51 82 33 34 76 90 59 50 42 89 8 81 52 43 1 47 15 41 74 30 58 35 48 92 45 11 94 88 10 24 93 7 16 64 29 28 71 40 78 55 19 60 22 57)(100 20 3 77 23 53 84 79 37 70 65 91 95 96 44 85 54 63 75 67 97 21 46 49 62 61 56 87 69 80)
TEST 22 END

TEST 23 BEGIN
$ python3 -c 'from quiz_8 import * ; p = Permutation(1, 71, 61, 93, 73, 83, 98, 9, 62, 87, 81, 7, 33, 78, 16, 65, 60, 41, 55, 2, 75, 12, 100, 43, 36, 99, 23, 32, 69, 74, 26, 53, 52, 46, 72, 51, 97, 80, 14, 27, 42, 20, 37, 86, 82, 70, 40, 30, 54, 91, 77, 34, 31, 22, 19, 24, 90, 38, 89, 58, 8, 5, 66, 76, 95, 64, 45, 15, 3, 50, 18, 35, 63, 68, 96, 6, 84, 48, 49, 59, 88, 85, 25, 17, 28, 47, 10, 39, 13, 94, 79, 44, 57, 21, 29, 56, 4, 67, 11, 92, length=100) ; print(p.nb_of_cycles)'
8
TEST 23 END

TEST 24 BEGIN
$ python3 -c 'from quiz_8 import * ; p = Permutation(38, 24, 8, 81, 9, 29, 90, 30, 61, 45, 11, 94, 23, 78, 65, 25, 64, 59, 14, 67, 47, 57, 1, 10, 31, 43, 92, 46, 12, 16, 63, 82, 88, 36, 19, 17, 21, 34, 42, 56, 89, 33, 5, 48, 55, 68, 98, 22, 7, 83, 70, 20, 62, 2, 100, 91, 44, 76, 4, 39, 28, 27, 6, 66, 87, 69, 50, 77, 15, 84, 95, 32, 18, 99, 54, 35, 41, 3, 13, 86, 49, 79, 74, 53, 93, 75, 51, 26, 60, 52, 37, 71, 73, 96, 58, 97, 72, 85, 80, 40) ; print(p)'
(11)(57 44 48 22)(89 60 39 42 33 88 26 43 5 9 61 28 46 68 77 41)(97 72 32 82 79 13 23 1 38 34 36 17 64 66 69 15 65 87 51 70 84 53 62 27 92 71 95 58 76 35 19 14 78 3 8 30 16 25 31 63 6 29 12 94 96)(100 40 56 91 37 21 47 98 85 93 73 18 59 4 81 49 7 90 52 20 67 50 83 74 99 80 86 75 54 2 24 10 45 55)
TEST 24 END

TEST 25 BEGIN
$ python3 -c 'from quiz_8 import * ; p = Permutation(86, 28, 7, 12, 80, 66, 83, 81, 74, 1, 3, 100, 41, 49, 91, 26, 31, 46, 8, 16, 84, 67, 4, 18, 40, 97, 36, 51, 29, 60, 47, 25, 88, 15, 42, 38, 35, 50, 53, 48, 23, 5, 61, 19, 99, 59, 95, 93, 10, 14, 2, 75, 96, 27, 17, 82, 39, 45, 54, 64, 65, 72, 52, 63, 71, 24, 32, 55, 9, 22, 77, 44, 37, 21, 57, 68, 34, 85, 90, 13, 69, 76, 89, 6, 70, 92, 43, 30, 79, 20, 62, 73, 11, 56, 78, 98, 94, 58, 87, 33) ; print(p); q = p.inverse() ; print(q.__repr__())'
(29)(51 2 28)(97 94 56 82 76 68 55 17 31 47 95 78 85 70 22 67 32 25 40 48 93 11 3 7 83 89 79 90 20 16 26)(100 33 88 30 60 64 63 52 75 57 39 53 96 98 58 45 99 87 43 61 65 71 77 34 15 91 62 72 44 19 8 81 69 9 74 21 84 6 66 24 18 46 59 54 27 36 38 50 14 49 10 1 86 92 73 37 35 42 5 80 13 41 23 4 12)
Permutation(10, 51, 11, 23, 42, 84, 3, 19, 69, 49, 93, 4, 80, 50, 34, 20, 55, 24, 44, 90, 74, 70, 41, 66, 32, 16, 54, 2, 29, 88, 17, 67, 100, 77, 37, 27, 73, 36, 57, 25, 13, 35, 87, 72, 58, 18, 31, 40, 14, 38, 28, 63, 39, 59, 68, 94, 75, 98, 46, 30, 43, 91, 64, 60, 61, 6, 22, 76, 81, 85, 65, 62, 92, 9, 52, 82, 71, 95, 89, 5, 8, 56, 7, 21, 78, 1, 99, 33, 83, 79, 15, 86, 48, 97, 47, 53, 26, 96, 45, 12)
TEST 25 END

TEST 26 BEGIN
$ python3 -c 'from quiz_8 import * ; p1 = Permutation(79, 74, 17, 18, 27, 51, 86, 93, 44, 5, 53, 28, 10, 24, 73, 84, 49, 1, 92, 31, 100, 69, 43, 68, 81, 85, 71, 9, 46, 75, 36, 41, 38, 50, 70, 30, 12, 97, 8, 59, 77, 54, 11, 89, 29, 19, 22, 7, 94, 88, 82, 35, 6, 34, 67, 90, 48, 3, 99, 45, 37, 91, 47, 83, 60, 61, 21, 26, 57, 98, 40, 32, 25, 16, 62, 72, 65, 52, 13, 66, 95, 33, 87, 80, 76, 4, 96, 15, 42, 20, 14, 55, 39, 56, 78, 58, 2, 23, 63, 64) ; p2 = Permutation(2, 23, 52, 78, 60, 93, 43, 86, 77, 8, 79, 72, 57, 4, 96, 18, 91, 41, 53, 67, 82, 95, 15, 27, 89, 45, 81, 48, 22, 31, 49, 76, 66, 29, 85, 20, 100, 37, 24, 9, 40, 70, 7, 14, 38, 30, 92, 94, 13, 26, 32, 34, 25, 3, 75, 5, 28, 6, 90, 55, 46, 61, 44, 98, 19, 58, 74, 11, 84, 64, 56, 65, 68, 99, 36, 33, 54, 10, 47, 42, 80, 21, 16, 12, 88, 35, 83, 50, 73, 59, 63, 51, 39, 71, 62, 97, 1, 69, 17, 87) ; p = p1 * p2 ; print(p1.__repr__()) ; print(p2) ; print(p)'
Permutation(79, 74, 17, 18, 27, 51, 86, 93, 44, 5, 53, 28, 10, 24, 73, 84, 49, 1, 92, 31, 100, 69, 43, 68, 81, 85, 71, 9, 46, 75, 36, 41, 38, 50, 70, 30, 12, 97, 8, 59, 77, 54, 11, 89, 29, 19, 22, 7, 94, 88, 82, 35, 6, 34, 67, 90, 48, 3, 99, 45, 37, 91, 47, 83, 60, 61, 21, 26, 57, 98, 40, 32, 25, 16, 62, 72, 65, 52, 13, 66, 95, 33, 87, 80, 76, 4, 96, 15, 42, 20, 14, 55, 39, 56, 78, 58, 2, 23, 63, 64)
(43 7)(82 21)(90 59)(97 1 2 23 15 96)(98 69 84 12 72 65 19 53 25 89 73 68 11 79 47 92 51 32 76 33 66 58 6 93 39 24 27 81 80 42 70 64)(100 87 83 16 18 41 40 9 77 54 3 52 34 29 22 95 62 61 46 30 31 49 13 57 28 48 94 71 56 5 60 55 75 36 20 67 74 99 17 91 63 44 14 4 78 10 8 86 35 85 88 50 26 45 38 37)
(50)(83)(95 10 60 38 1 47)(100 98 15 68 45 22 84 42 3 91 4 41 54 29 30 36 31 20 49 71 9 14 27 56 59 17 13 8 39 86 78 34 26 88 96 6 32 40 90 67 82 66 46 53 93 24 11 25 80 58 52 85 33 37 72 76 65 55 74 18 2 99 44 73 89 70 69 28 77 19 51 21 87 97 23 7 35 64 16 12 48 43 79 57 94 5 81 62 63 92 75 61)
TEST 26 END

TEST 27 BEGIN
$ python3 -c 'from quiz_8 import * ; p1 = Permutation(79, 91, 41, 72, 54, 66, 18, 59, 58, 38, 77, 45, 64, 68, 81, 83, 11, 86, 2, 63, 80, 55, 73, 36, 85, 93, 19, 31, 74, 51, 21, 98, 43, 70, 69, 12, 17, 49, 20, 44, 32, 34, 92, 100, 46, 29, 61, 8, 14, 24, 9, 28, 3, 65, 6, 90, 15, 7, 13, 26, 96, 4, 33, 97, 23, 56, 71, 62, 5, 89, 76, 78, 47, 84, 27, 48, 88, 75, 52, 37, 53, 25, 30, 57, 1, 50, 10, 35, 67, 16, 40, 87, 42, 60, 82, 22, 39, 94, 99, 95) ; p2 = Permutation(71, 55, 62, 40, 36, 16, 35, 11, 87, 92, 6, 77, 19, 85, 5, 65, 26, 57, 53, 21, 42, 39, 96, 14, 80, 20, 73, 79, 76, 59, 89, 69, 51, 27, 70, 22, 97, 86, 94, 98, 83, 10, 88, 72, 15, 54, 100, 93, 99, 29, 45, 13, 78, 8, 48, 50, 64, 17, 49, 46, 75, 34, 58, 18, 9, 74, 90, 25, 68, 12, 28, 61, 52, 32, 7, 23, 3, 44, 33, 82, 24, 84, 31, 38, 95, 37, 4, 1, 81, 60, 43, 2, 56, 66, 67, 91, 63, 41, 30, 47) ; p = p1 * p2 ; print(p1.__repr__()) ; print(p2.__repr__()) ; print(p)'
Permutation(79, 91, 41, 72, 54, 66, 18, 59, 58, 38, 77, 45, 64, 68, 81, 83, 11, 86, 2, 63, 80, 55, 73, 36, 85, 93, 19, 31, 74, 51, 21, 98, 43, 70, 69, 12, 17, 49, 20, 44, 32, 34, 92, 100, 46, 29, 61, 8, 14, 24, 9, 28, 3, 65, 6, 90, 15, 7, 13, 26, 96, 4, 33, 97, 23, 56, 71, 62, 5, 89, 76, 78, 47, 84, 27, 48, 88, 75, 52, 37, 53, 25, 30, 57, 1, 50, 10, 35, 67, 16, 40, 87, 42, 60, 82, 22, 39, 94, 99, 95)
Permutation(71, 55, 62, 40, 36, 16, 35, 11, 87, 92, 6, 77, 19, 85, 5, 65, 26, 57, 53, 21, 42, 39, 96, 14, 80, 20, 73, 79, 76, 59, 89, 69, 51, 27, 70, 22, 97, 86, 94, 98, 83, 10, 88, 72, 15, 54, 100, 93, 99, 29, 45, 13, 78, 8, 48, 50, 64, 17, 49, 46, 75, 34, 58, 18, 9, 74, 90, 25, 68, 12, 28, 61, 52, 32, 7, 23, 3, 44, 33, 82, 24, 84, 31, 38, 95, 37, 4, 1, 81, 60, 43, 2, 56, 66, 67, 91, 63, 41, 30, 47)
(43 2)(98 66 50 14 25 95 84 64 63 51 87 92 4 61 91)(99 30 45 54 9 17 6 74 38)(100 67 28 89 90 65 96 39 21 82 80 97 94 46 76 93 10 86 29 32 41 69 36 77 1 33 88 70 81 78 7 57 5 8 49 85 71 23 52 79 13 18 37 26 56 60 20 58 35 68 34 12 15 24 22 48 11 3 83 59 19 55 16 31 42 27 53 62 40 72 44 47 75 73)
TEST 27 END

TEST 28 BEGIN
$ python3 -c 'from quiz_8 import * ; p1 = Permutation(8, 26, 10, 23, 58, 79, 54, 72, 1, 44, 51, 31, 92, 69, 68, 88, 55, 28, 60, 18, 19, 48, 76, 34, 64, 94, 62, 78, 53, 33, 75, 98, 90, 77, 4, 20, 11, 70, 3, 13, 96, 41, 22, 15, 80, 32, 61, 7, 24, 91, 6, 12, 35, 14, 36, 93, 5, 74, 47, 27, 57, 66, 85, 56, 95, 81, 84, 45, 59, 83, 29, 30, 52, 25, 73, 9, 46, 63, 89, 67, 86, 38, 17, 43, 87, 49, 50, 16, 37, 100, 42, 21, 40, 39, 2, 99, 65, 71, 97, 82) ; p2 = Permutation(61, 99, 68, 38, 50, 44, 59, 8, 39, 4, 21, 3, 32, 42, 76, 37, 90, 64, 27, 12, 2, 96, 40, 74, 13, 33, 82, 19, 20, 69, 86, 6, 46, 100, 72, 54, 5, 95, 84, 97, 43, 16, 56, 77, 10, 81, 34, 35, 66, 28, 91, 15, 24, 29, 52, 30, 47, 57, 94, 11, 53, 51, 25, 31, 78, 70, 98, 92, 1, 9, 63, 73, 71, 60, 41, 83, 79, 18, 88, 67, 55, 80, 48, 65, 17, 22, 87, 75, 93, 85, 89, 14, 7, 58, 45, 49, 23, 36, 26, 62); p1 *= p2 ; print(p1) ; print(p1.__repr__()) ; print(p2.__repr__())'
(67 65 45)(89 5 57 50)(100 80 98 63 17 52 3 4 40 32 36 12 86 66 55 54 42 43 96 26 58 60 82 95 99 23 83 90 62 70 48 59 34 79 93 97 78 25 31 41 49 74 13 14 1 8 73 15 92 2 33 85 87 28 18 19 11 91 16 75 71 20 64 30 46 6 88 37 21 27 51 44 76 39 68 10 77 81 22 35 38 9 61 47 53 72 69 94 84 56 7 29 24)
Permutation(8, 33, 4, 40, 57, 88, 29, 73, 61, 77, 91, 86, 14, 1, 92, 75, 52, 19, 11, 64, 27, 35, 83, 100, 31, 58, 51, 18, 24, 46, 41, 36, 85, 79, 38, 12, 21, 9, 68, 32, 49, 43, 96, 76, 67, 6, 53, 59, 74, 89, 44, 3, 72, 42, 54, 7, 50, 60, 34, 82, 47, 70, 17, 30, 45, 55, 65, 10, 94, 48, 20, 69, 15, 13, 71, 39, 81, 25, 93, 98, 22, 95, 90, 56, 87, 66, 28, 37, 5, 62, 16, 2, 97, 84, 99, 26, 78, 63, 23, 80)
Permutation(61, 99, 68, 38, 50, 44, 59, 8, 39, 4, 21, 3, 32, 42, 76, 37, 90, 64, 27, 12, 2, 96, 40, 74, 13, 33, 82, 19, 20, 69, 86, 6, 46, 100, 72, 54, 5, 95, 84, 97, 43, 16, 56, 77, 10, 81, 34, 35, 66, 28, 91, 15, 24, 29, 52, 30, 47, 57, 94, 11, 53, 51, 25, 31, 78, 70, 98, 92, 1, 9, 63, 73, 71, 60, 41, 83, 79, 18, 88, 67, 55, 80, 48, 65, 17, 22, 87, 75, 93, 85, 89, 14, 7, 58, 45, 49, 23, 36, 26, 62)
TEST 28 END

TEST 29 BEGIN
$ python3 -c 'from quiz_8 import * ; p1 = Permutation(9, 60, 92, 2, 44, 89, 46, 22, 84, 63, 25, 100, 74, 78, 99, 90, 27, 8, 81, 11, 21, 65, 83, 72, 18, 70, 26, 49, 20, 42, 77, 16, 48, 40, 76, 62, 71, 85, 43, 86, 57, 19, 39, 34, 94, 59, 79, 75, 95, 96, 54, 24, 33, 6, 10, 91, 88, 4, 68, 7, 93, 67, 41, 28, 51, 35, 61, 82, 5, 1, 13, 87, 17, 58, 64, 98, 32, 66, 3, 12, 30, 45, 37, 47, 73, 14, 97, 56, 55, 80, 36, 15, 69, 50, 29, 53, 31, 38, 23, 52) ; p2 = Permutation(16, 98, 40, 56, 4, 94, 34, 5, 78, 58, 37, 19, 72, 52, 68, 13, 67, 32, 35, 86, 44, 91, 9, 57, 30, 97, 93, 66, 6, 51, 45, 20, 11, 99, 3, 7, 92, 90, 55, 85, 24, 17, 41, 62, 63, 82, 21, 18, 27, 70, 54, 2, 87, 36, 60, 33, 79, 59, 28, 48, 74, 81, 75, 95, 26, 89, 29, 50, 22, 1, 46, 61, 49, 65, 42, 39, 71, 83, 31, 38, 8, 100, 73, 25, 10, 12, 76, 69, 14, 88, 53, 64, 77, 15, 96, 23, 80, 47, 43, 84) ; p1 *= p2 ; print(p1) ; print(p1.__repr__()) ; print(p2.__repr__())'
(66 3 64)(74 59 50 23 73 67)(76 47 31 71 72)(81 51 36)(97 45 15 43 55 58 56 53 11 30 17 93 22 26 1 78 89 60 34 85 49 96 87 80 19 8 91 7 82 63 24 61 77 20 37 46 28 27)(100 2 48 42 35 39 41 79 40 12 84 21 44 99 9 25 32 13 65 54 94 70 16 88 33 18 5 62 29 86 52 57 69 4 98 90 38 10 75 95 6 14 83 92 68)
Permutation(78, 48, 64, 98, 62, 14, 82, 91, 25, 75, 30, 84, 65, 83, 43, 88, 93, 5, 8, 37, 44, 26, 73, 61, 32, 1, 97, 27, 86, 17, 71, 13, 18, 85, 39, 81, 46, 10, 41, 12, 79, 35, 55, 99, 15, 28, 31, 42, 96, 23, 36, 57, 11, 94, 58, 53, 69, 56, 50, 34, 77, 29, 24, 66, 54, 3, 74, 100, 4, 16, 72, 76, 67, 59, 95, 47, 20, 89, 40, 19, 51, 63, 92, 21, 49, 52, 80, 33, 60, 38, 7, 68, 22, 70, 6, 87, 45, 90, 9, 2)
Permutation(16, 98, 40, 56, 4, 94, 34, 5, 78, 58, 37, 19, 72, 52, 68, 13, 67, 32, 35, 86, 44, 91, 9, 57, 30, 97, 93, 66, 6, 51, 45, 20, 11, 99, 3, 7, 92, 90, 55, 85, 24, 17, 41, 62, 63, 82, 21, 18, 27, 70, 54, 2, 87, 36, 60, 33, 79, 59, 28, 48, 74, 81, 75, 95, 26, 89, 29, 50, 22, 1, 46, 61, 49, 65, 42, 39, 71, 83, 31, 38, 8, 100, 73, 25, 10, 12, 76, 69, 14, 88, 53, 64, 77, 15, 96, 23, 80, 47, 43, 84)
TEST 29 END

TEST 30 BEGIN
$ python3 -c 'from quiz_8 import * ; print(Permutation(100, 79, 81, 56, 24, 76, 45, 51, 1, 11, 41, 4, 95, 7, 44, 73, 5, 29, 13, 46, 70, 12, 43, 22, 20, 16, 85, 97, 33, 21, 88, 87, 40, 98, 31, 68, 84, 64, 49, 50, 19, 77, 71, 15, 59, 58, 6, 3, 78, 90, 65, 36, 37, 94, 47, 35, 72, 2, 83, 26, 14, 82, 61, 27, 62, 34, 53, 66, 48, 80, 23, 74, 9, 18, 28, 39, 93, 69, 54, 60, 92, 55, 42, 63, 17, 89, 57, 75, 91, 99, 10, 96, 32, 30, 25, 86, 67, 38, 8, 52) * Permutation(47, 11, 45, 46, 99, 23, 49, 41, 80, 74, 24, 10, 44, 76, 63, 18, 68, 87, 96, 6, 57, 8, 59, 90, 89, 82, 33, 98, 73, 50, 43, 29, 25, 20, 27, 14, 19, 2, 67, 5, 48, 77, 21, 81, 93, 94, 58, 92, 13, 36, 100, 61, 69, 42, 84, 88, 1, 16, 65, 52, 53, 30, 86, 26, 37, 28, 17, 60, 15, 64, 51, 85, 31, 72, 79, 75, 95, 56, 83, 55, 9, 70, 35, 62, 3, 40, 22, 71, 39, 91, 54, 66, 12, 97, 4, 78, 38, 32, 7, 34).inverse())'
(32 18)(42)(84 15 13 77 45 23 31 56 83 54 46 47 20 4 78 53 65)(96 63 52 50 24 87 21 82 80 68 92 19 49)(100 60 64 35 73 81 48 85 67 61 36 17 40 30 43 88 76 89 90 5 11 8 71 6 14 99 22 93 98 97 39 7 3 44 69 41 37 55 1 51 59 79 91 12 95 33 86 25 34 28 94 62 26 58 38 70 9 57 74 16 29 27 72 10 2 75 66)
TEST 30 END

